2026-08-25 11:47:28,204 [INFO] 原始数据：3 行
2026-08-25 11:47:28,207 [INFO] 删除重复行：0 行
2026-08-25 11:47:28,209 [INFO] 删除错误行：0 行
2026-08-25 11:47:28,212 [INFO] 清洗完成：E:\Codex_Projects\python_excel_learning\02_clean_sales_data\output\cleaned_sales.csv，共 3 行
2026-08-25 11:49:06,601 [INFO] 原始数据：3 行
2026-08-25 11:49:06,604 [INFO] 删除重复行：0 行
2026-08-25 11:49:06,605 [INFO] 删除错误行：0 行
2026-08-25 11:49:06,607 [INFO] 清洗完成：E:\Codex_Projects\python_excel_learning\02_clean_sales_data\output\cleaned_sales.csv，共 3 行
2026-08-25 11:52:48,055 [INFO] 原始数据：3 行
2026-08-25 11:52:48,055 [ERROR] 处理失败：缺少列：产品, 数量, 日期, 金额, 销售员
Traceback (most recent call last):
  File "E:\Codex_Projects\python_excel_learning\02_clean_sales_data\clean_sales_data.py", line 69, in <module>
    main()
  File "E:\Codex_Projects\python_excel_learning\02_clean_sales_data\clean_sales_data.py", line 46, in main
    raise ValueError(f"缺少列：{', '.join(sorted(missing))}")
ValueError: 缺少列：产品, 数量, 日期, 金额, 销售员
2026-08-25 11:56:19,386 [INFO] 原始数据：3 行
2026-08-25 11:56:19,389 [INFO] 删除重复行：0 行
2026-08-25 11:56:19,390 [INFO] 删除错误行：0 行
2026-08-25 11:56:19,393 [INFO] 清洗完成：E:\Codex_Projects\python_excel_learning\02_clean_sales_data\output\cleaned_sales.csv，共 3 行
2026-08-25 11:57:26,651 [INFO] 原始数据：3 行
2026-08-25 11:57:26,653 [INFO] 删除重复行：0 行
2026-08-25 11:57:26,655 [INFO] 删除错误行：0 行
2026-08-25 11:57:26,657 [INFO] 清洗完成：E:\Codex_Projects\python_excel_learning\02_clean_sales_data\output\cleaned_sales.csv，共 3 行
